// Jest Snapshot v1, https://goo.gl/fbAQLP

exports[`SortBy Page renders a snapshot 1`] = `
<div>
  <ul
    className="sort pull-left"
  />
</div>
`;
